Analyzing retaildost...                                         

  error - Undefined name 'AppTheme' - lib\core\widgets\error_boundary.dart:79:44 - undefined_identifier
  error - Undefined name 'AppTheme' - lib\core\widgets\error_boundary.dart:79:68 - undefined_identifier
  error - Undefined name 'AppTheme' - lib\core\widgets\error_boundary.dart:99:28 - undefined_identifier
  error - Undefined name 'AppTheme' - lib\core\widgets\error_boundary.dart:153:32 - undefined_identifier
  error - Invalid constant value - lib\core\widgets\error_boundary.dart:156:72 - invalid_constant
  error - Undefined name 'AppTheme' - lib\core\widgets\error_boundary.dart:156:72 - undefined_identifier
  error - Undefined name 'AppTheme' - lib\features\onboarding\screens\onboarding_flow_screen.dart:44:28 - undefined_identifier
  error - Undefined name 'AppTheme' - lib\features\onboarding\screens\onboarding_flow_screen.dart:182:44 - undefined_identifier
  error - Invalid constant value - lib\features\onboarding\screens\onboarding_flow_screen.dart:190:44 - invalid_constant
  error - Undefined name 'AppTheme' - lib\features\onboarding\screens\onboarding_flow_screen.dart:190:44 - undefined_identifier
  error - Undefined name 'AppTheme' - lib\features\onboarding\screens\onboarding_flow_screen.dart:205:22 - undefined_identifier
  error - Invalid constant value - lib\features\payment\paywall_screen.dart:201:64 - invalid_constant
  error - Undefined name 'AppTheme' - lib\features\payment\paywall_screen.dart:201:64 - undefined_identifier
  error - Invalid constant value - lib\features\payment\paywall_screen.dart:234:30 - invalid_constant
  error - Undefined name 'AppTheme' - lib\features\payment\paywall_screen.dart:234:30 - undefined_identifier
  error - Undefined name 'AppTheme' - lib\features\payment\paywall_screen.dart:245:30 - undefined_identifier
  error - Invalid constant value - lib\features\payment\paywall_screen.dart:267:30 - invalid_constant
  error - Undefined name 'AppTheme' - lib\features\payment\paywall_screen.dart:267:30 - undefined_identifier
  error - Undefined name 'AppTheme' - lib\features\payment\paywall_screen.dart:279:30 - undefined_identifier
  error - Undefined name 'AppTheme' - lib\features\payment\paywall_screen.dart:353:32 - undefined_identifier
warning - Duplicate import - lib\main.dart:12:8 - duplicate_import
   info - 'activeColor' is deprecated and shouldn't be used. Use activeTrackColor instead. This feature was deprecated after v3.24.0-0.2.pre - lib\presentation\screens\create_product_screen.dart:792:19 - deprecated_member_use
  error - The getter 'shade400' isn't defined for the type 'Color' - lib\presentation\screens\edit_product_screen.dart:943:89 - undefined_getter
warning - Duplicate import - lib\presentation\screens\home_screen.dart:8:8 - duplicate_import
  error - The getter 'shade200' isn't defined for the type 'Color' - lib\presentation\screens\products_screen.dart:2456:80 - undefined_getter

